php : PHP Fatal error:  Declaration of 
Ksfraser\HTML\Elements\HtmlA::setContent(Ksfraser\HTML\HtmlElementInterface 
$content): Ksfraser\HTML\Elements\HtmlA must be compatible with 
Ksfraser\HTML\HtmlElement::setContent(string $content): 
Ksfraser\HTML\HtmlElement in C:\Users\prote\Documents\software-devel\html\src\K
sfraser\HTML\Elements\HtmlA.php on line 50
At line:1 char:1
+ php vendor/bin/phpunit --bootstrap tests/bootstrap.php 2> test-errors ...
+ ~~~~~~~~~~~~~~~~~~~~~~~~~~~~~~~~~~~~~~~~~~~~~~~~~~~~~~~~~~~~~~~~~~~~~
    + CategoryInfo          : NotSpecified: (PHP Fatal error....php on line 50 
   :String) [], RemoteException
    + FullyQualifiedErrorId : NativeCommandError
 
